// Jest Snapshot v1, https://goo.gl/fbAQLP

exports[`Box component matches snapshot 1`] = `
<div>
  <div
    style="display: block;"
  >
    <div
      style="background-color: red; height: 50px; width: 50px; display: inline-block;"
    />
    <button
      style="background-color: red;"
    >
      Remove Box
    </button>
  </div>
</div>
`;
